// Jest Snapshot v1, https://goo.gl/fbAQLP

exports[`App Vue renders properly 1`] = `
"<h1 class=\\"text-center mt-5\\">Laravel Vue Book List</h1>
<div class=\\"mx-5 d-flex align-items-end my-5\\">
  <div class=\\"ms-auto\\">
    <b-button class=\\"mx-1\\" variant=\\"outline-primary\\">Add Book</b-button>
    <b-button class=\\"mx-1\\" variant=\\"outline-primary\\">Add Author</b-button>
    <b-button class=\\"mx-1\\" variant=\\"outline-primary\\">Add Library</b-button>
  </div>
</div>
<easydatatable headers=\\"[object Object],[object Object],[object Object],[object Object],[object Object],[object Object],[object Object]\\" items=\\"\\" class=\\"px-5\\" data-test=\\"testTable\\"></easydatatable>
<b-modal modelvalue=\\"false\\">
  <h4 class=\\"text-center\\">Edit Book</h4>
  <form class=\\"px-5\\">
    <div>
      <div class=\\"d-flex align-items-center justify-content-between my-2\\">
        <div class=\\"w-50\\">Book Name : </div>
        <b-form-input class=\\"w-50 mx-auto\\" data-test=\\"bookTest\\" disabled=\\"false\\" required=\\"\\"></b-form-input>
      </div>
    </div>
    <div>
      <div class=\\"d-flex align-items-center justify-content-between my-2\\">
        <div class=\\"w-50\\">Year : </div>
        <b-form-input class=\\"w-50 mx-auto\\" data-test=\\"bookTest\\" disabled=\\"false\\" required=\\"\\"></b-form-input>
      </div>
    </div>
    <div>
      <div class=\\"d-flex align-items-center justify-content-between my-2\\">
        <div class=\\"w-50\\">Author Name : </div>
        <b-form-select class=\\"w-50\\" options=\\"\\"></b-form-select>
      </div>
    </div>
    <div>
      <div class=\\"d-flex align-items-center justify-content-between my-2\\">
        <div class=\\"w-50\\">Genre : </div>
        <b-form-input class=\\"w-50 mx-auto\\" data-test=\\"bookTest\\" disabled=\\"true\\" required=\\"\\"></b-form-input>
      </div>
    </div>
    <div>
      <div class=\\"d-flex align-items-center justify-content-between my-2\\">
        <div class=\\"w-50\\">Library Name : </div>
        <b-form-select class=\\"w-50\\" options=\\"\\"></b-form-select>
      </div>
    </div>
    <div>
      <div class=\\"d-flex align-items-center justify-content-between my-2\\">
        <div class=\\"w-50\\">Address : </div>
        <b-form-input class=\\"w-50 mx-auto\\" data-test=\\"bookTest\\" disabled=\\"true\\" required=\\"\\"></b-form-input>
      </div>
    </div>
    <div>
      <!--v-if-->
    </div>
  </form>
</b-modal>
<b-modal modelvalue=\\"false\\">
  <h4 class=\\"text-center\\">Input Author Info</h4>
  <form class=\\"px-5\\">
    <div>
      <div class=\\"d-flex align-items-center justify-content-between my-2\\">
        <div class=\\"w-50\\">Author Name : </div>
        <b-form-input class=\\"w-50 mx-auto\\" disabled=\\"false\\" data-test=\\"authorTest\\" required=\\"\\"></b-form-input>
      </div>
    </div>
    <div>
      <div class=\\"d-flex align-items-center justify-content-between my-2\\">
        <div class=\\"w-50\\">Genre : </div>
        <b-form-input class=\\"w-50 mx-auto\\" disabled=\\"false\\" data-test=\\"authorTest\\" required=\\"\\"></b-form-input>
      </div>
    </div>
    <div>
      <div class=\\"d-flex align-items-center justify-content-between my-2\\">
        <div class=\\"w-50\\">Birthday : </div>
        <b-form-input class=\\"w-50 mx-auto\\" disabled=\\"false\\" data-test=\\"authorTest\\" required=\\"\\"></b-form-input>
      </div>
    </div>
  </form>
</b-modal>
<b-modal modelvalue=\\"false\\">
  <h4 class=\\"text-center\\">Input Library Info</h4>
  <form class=\\"px-5\\">
    <div>
      <div class=\\"d-flex align-items-center justify-content-between my-2\\">
        <div class=\\"w-50\\">Library Name : </div>
        <b-form-input class=\\"w-50 mx-auto\\" disabled=\\"false\\" data-test=\\"libraryTest\\" required=\\"\\"></b-form-input>
      </div>
    </div>
    <div>
      <div class=\\"d-flex align-items-center justify-content-between my-2\\">
        <div class=\\"w-50\\">Library Address : </div>
        <b-form-input class=\\"w-50 mx-auto\\" disabled=\\"false\\" data-test=\\"libraryTest\\" required=\\"\\"></b-form-input>
      </div>
    </div>
  </form>
</b-modal>"
`;
