// Jest Snapshot v1, https://goo.gl/fbAQLP

exports[`Author Modal Test renders properly 1`] = `
"<b-modal modelvalue=\\"false\\">
  <h4 class=\\"text-center\\">Input Author Info</h4>
  <form class=\\"px-5\\">
    <div>
      <div class=\\"d-flex align-items-center justify-content-between my-2\\">
        <div class=\\"w-50\\">Author Name : </div>
        <b-form-input class=\\"w-50 mx-auto\\" disabled=\\"false\\" data-test=\\"authorTest\\" required=\\"\\"></b-form-input>
      </div>
    </div>
    <div>
      <div class=\\"d-flex align-items-center justify-content-between my-2\\">
        <div class=\\"w-50\\">Genre : </div>
        <b-form-input class=\\"w-50 mx-auto\\" disabled=\\"false\\" data-test=\\"authorTest\\" required=\\"\\"></b-form-input>
      </div>
    </div>
    <div>
      <div class=\\"d-flex align-items-center justify-content-between my-2\\">
        <div class=\\"w-50\\">Birthday : </div>
        <b-form-input class=\\"w-50 mx-auto\\" disabled=\\"false\\" data-test=\\"authorTest\\" required=\\"\\"></b-form-input>
      </div>
    </div>
  </form>
</b-modal>"
`;
