// Jest Snapshot v1, https://goo.gl/fbAQLP

exports[`Book Modal Test renders properly 1`] = `
"<b-modal modelvalue=\\"false\\">
  <h4 class=\\"text-center\\">Edit Book</h4>
  <form class=\\"px-5\\">
    <div>
      <div class=\\"d-flex align-items-center justify-content-between my-2\\">
        <div class=\\"w-50\\">Book Name : </div>
        <b-form-input class=\\"w-50 mx-auto\\" data-test=\\"bookTest\\" disabled=\\"false\\" required=\\"\\"></b-form-input>
      </div>
    </div>
    <div>
      <div class=\\"d-flex align-items-center justify-content-between my-2\\">
        <div class=\\"w-50\\">Year : </div>
        <b-form-input class=\\"w-50 mx-auto\\" data-test=\\"bookTest\\" disabled=\\"false\\" required=\\"\\"></b-form-input>
      </div>
    </div>
    <div>
      <div class=\\"d-flex align-items-center justify-content-between my-2\\">
        <div class=\\"w-50\\">Author Name : </div>
        <b-form-select class=\\"w-50\\" options=\\"\\"></b-form-select>
      </div>
    </div>
    <div>
      <div class=\\"d-flex align-items-center justify-content-between my-2\\">
        <div class=\\"w-50\\">Genre : </div>
        <b-form-input class=\\"w-50 mx-auto\\" data-test=\\"bookTest\\" disabled=\\"true\\" required=\\"\\"></b-form-input>
      </div>
    </div>
    <div>
      <div class=\\"d-flex align-items-center justify-content-between my-2\\">
        <div class=\\"w-50\\">Library Name : </div>
        <b-form-select class=\\"w-50\\" options=\\"\\"></b-form-select>
      </div>
    </div>
    <div>
      <div class=\\"d-flex align-items-center justify-content-between my-2\\">
        <div class=\\"w-50\\">Address : </div>
        <b-form-input class=\\"w-50 mx-auto\\" data-test=\\"bookTest\\" disabled=\\"true\\" required=\\"\\"></b-form-input>
      </div>
    </div>
    <div>
      <!--v-if-->
    </div>
  </form>
</b-modal>"
`;
